0 verbose cli /usr/bin/node /usr/sbin/npm
1 info using npm@12.2.0
2 info using node@v26.10.0
3 silly config load:file:/usr/lib/node_modules/npm/npmrc
4 silly config load:file:/home/phng/.local/share/zed/languages/bash-language-server/.npmrc
5 silly config load:file:/home/phng/.npmrc
6 silly config load:file:/etc/npmrc
7 verbose title npm install bash-language-server@latest
8 verbose argv "--prefix" "/home/phng/.local/share/zed/languages/bash-language-server" "install" "--cache" "/home/phng/.local/share/zed/node/cache" "bash-language-server@latest" "--no-package-lock" "--save-exact" "--fetch-retry-mintimeout" "2000" "--fetch-retry-maxtimeout" "5000" "--fetch-timeout" "5000"
9 verbose logfile logs-max:10 dir:/home/phng/.local/share/zed/node/cache/_logs/2026-10-05T10_39_13_607Z-
10 verbose logfile /home/phng/.local/share/zed/node/cache/_logs/2026-10-05T10_39_13_607Z-debug-0.log
11 silly logfile done cleaning log files
12 silly install-scripts no package.json at prefix Could not read package.json: Error: ENOENT: no such file or directory, open '/home/phng/.local/share/zed/languages/bash-language-server/package.json'
13 silly packumentCache heap:1067712512 maxSize:266928128 maxEntrySize:133464064
14 silly packumentCache corgi:https://registry.npmjs.org/bash-language-server cache-miss
15 http fetch GET 200 https://registry.npmjs.org/bash-language-server 372ms (cache miss)
16 silly packumentCache corgi:https://registry.npmjs.org/bash-language-server set size:undefined disposed:false
17 silly idealTree buildDeps
18 silly fetch manifest bash-language-server@5.8.1
19 silly packumentCache full:https://registry.npmjs.org/bash-language-server cache-miss
20 http cache https://registry.npmjs.org/bash-language-server 6ms (cache hit)
21 silly packumentCache full:https://registry.npmjs.org/bash-language-server set size:310538 disposed:false
22 silly placeDep ROOT bash-language-server@5.8.1 OK for:  want: 5.8.1
23 silly fetch manifest zod@3.25.76
24 silly packumentCache full:https://registry.npmjs.org/zod cache-miss
25 http fetch GET 200 https://registry.npmjs.org/zod 348ms (cache miss)
26 silly packumentCache full:https://registry.npmjs.org/zod set size:undefined disposed:false
27 silly fetch manifest turndown@7.2.4
28 silly packumentCache full:https://registry.npmjs.org/turndown cache-miss
29 http fetch GET 200 https://registry.npmjs.org/turndown 109ms (cache miss)
30 silly packumentCache full:https://registry.npmjs.org/turndown set size:undefined disposed:false
31 silly fetch manifest fast-glob@3.3.3
32 silly packumentCache full:https://registry.npmjs.org/fast-glob cache-miss
33 http fetch GET 200 https://registry.npmjs.org/fast-glob 92ms (cache miss)
34 silly packumentCache full:https://registry.npmjs.org/fast-glob set size:undefined disposed:false
35 silly fetch manifest editorconfig@3.0.2
36 silly packumentCache full:https://registry.npmjs.org/editorconfig cache-miss
37 http fetch GET 200 https://registry.npmjs.org/editorconfig 94ms (cache miss)
38 silly packumentCache full:https://registry.npmjs.org/editorconfig set size:undefined disposed:false
39 silly fetch manifest fuzzy-search@3.2.1
40 silly packumentCache full:https://registry.npmjs.org/fuzzy-search cache-miss
41 http fetch GET 200 https://registry.npmjs.org/fuzzy-search 95ms (cache miss)
42 silly packumentCache full:https://registry.npmjs.org/fuzzy-search set size:undefined disposed:false
43 silly fetch manifest web-tree-sitter@0.27.0
44 silly packumentCache full:https://registry.npmjs.org/web-tree-sitter cache-miss
45 http fetch GET 200 https://registry.npmjs.org/web-tree-sitter 94ms (cache miss)
46 silly packumentCache full:https://registry.npmjs.org/web-tree-sitter set size:undefined disposed:false
47 silly fetch manifest vscode-languageserver@10.1.1
48 silly packumentCache full:https://registry.npmjs.org/vscode-languageserver cache-miss
49 http fetch GET 200 https://registry.npmjs.org/vscode-languageserver 140ms (cache miss)
50 silly packumentCache full:https://registry.npmjs.org/vscode-languageserver set size:undefined disposed:false
51 silly fetch manifest vscode-languageserver-textdocument@1.0.14
52 silly packumentCache full:https://registry.npmjs.org/vscode-languageserver-textdocument cache-miss
53 http fetch GET 200 https://registry.npmjs.org/vscode-languageserver-textdocument 114ms (cache miss)
54 silly packumentCache full:https://registry.npmjs.org/vscode-languageserver-textdocument set size:undefined disposed:false
55 silly placeDep ROOT editorconfig@3.0.2 OK for: bash-language-server@5.8.1 want: 3.0.2
56 silly placeDep ROOT fast-glob@3.3.3 OK for: bash-language-server@5.8.1 want: 3.3.3
57 silly placeDep ROOT fuzzy-search@3.2.1 OK for: bash-language-server@5.8.1 want: 3.2.1
58 silly placeDep ROOT turndown@7.2.4 OK for: bash-language-server@5.8.1 want: 7.2.4
59 silly placeDep ROOT vscode-languageserver@10.1.1 OK for: bash-language-server@5.8.1 want: 10.1.1
60 silly placeDep ROOT vscode-languageserver-textdocument@1.0.14 OK for: bash-language-server@5.8.1 want: 1.0.14
61 silly placeDep ROOT web-tree-sitter@0.27.0 OK for: bash-language-server@5.8.1 want: 0.27.0
62 silly placeDep ROOT zod@3.25.76 OK for: bash-language-server@5.8.1 want: 3.25.76
63 silly fetch manifest @one-ini/wasm@0.2.1
64 silly packumentCache full:https://registry.npmjs.org/@one-ini%2fwasm cache-miss
65 http fetch GET 200 https://registry.npmjs.org/@one-ini%2fwasm 125ms (cache miss)
66 silly packumentCache full:https://registry.npmjs.org/@one-ini%2fwasm set size:undefined disposed:false
67 silly fetch manifest commander@^14.0.3
68 silly packumentCache full:https://registry.npmjs.org/commander cache-miss
69 http fetch GET 200 https://registry.npmjs.org/commander 113ms (cache miss)
70 silly packumentCache full:https://registry.npmjs.org/commander set size:undefined disposed:false
71 silly fetch manifest minimatch@~10.2.4
72 silly packumentCache full:https://registry.npmjs.org/minimatch cache-miss
73 http fetch GET 200 https://registry.npmjs.org/minimatch 97ms (cache miss)
74 silly packumentCache full:https://registry.npmjs.org/minimatch set size:undefined disposed:false
75 silly fetch manifest semver@^7.7.4
76 silly packumentCache full:https://registry.npmjs.org/semver cache-miss
77 http fetch GET 200 https://registry.npmjs.org/semver 95ms (cache miss)
78 silly packumentCache full:https://registry.npmjs.org/semver set size:undefined disposed:false
79 silly fetch manifest @nodelib/fs.stat@^2.0.2
80 silly packumentCache full:https://registry.npmjs.org/@nodelib%2ffs.stat cache-miss
81 http fetch GET 200 https://registry.npmjs.org/@nodelib%2ffs.stat 135ms (cache miss)
82 silly packumentCache full:https://registry.npmjs.org/@nodelib%2ffs.stat set size:undefined disposed:false
83 silly fetch manifest @nodelib/fs.walk@^1.2.3
84 silly packumentCache full:https://registry.npmjs.org/@nodelib%2ffs.walk cache-miss
85 http fetch GET 200 https://registry.npmjs.org/@nodelib%2ffs.walk 96ms (cache miss)
86 silly packumentCache full:https://registry.npmjs.org/@nodelib%2ffs.walk set size:undefined disposed:false
87 silly fetch manifest glob-parent@^5.1.2
88 silly packumentCache full:https://registry.npmjs.org/glob-parent cache-miss
89 http fetch GET 200 https://registry.npmjs.org/glob-parent 90ms (cache miss)
90 silly packumentCache full:https://registry.npmjs.org/glob-parent set size:undefined disposed:false
91 silly fetch manifest merge2@^1.3.0
92 silly packumentCache full:https://registry.npmjs.org/merge2 cache-miss
93 http fetch GET 200 https://registry.npmjs.org/merge2 78ms (cache miss)
94 silly packumentCache full:https://registry.npmjs.org/merge2 set size:undefined disposed:false
95 silly fetch manifest micromatch@^4.0.8
96 silly packumentCache full:https://registry.npmjs.org/micromatch cache-miss
97 http fetch GET 200 https://registry.npmjs.org/micromatch 99ms (cache miss)
98 silly packumentCache full:https://registry.npmjs.org/micromatch set size:undefined disposed:false
99 silly fetch manifest @mixmark-io/domino@^2.2.0
100 silly packumentCache full:https://registry.npmjs.org/@mixmark-io%2fdomino cache-miss
101 http fetch GET 200 https://registry.npmjs.org/@mixmark-io%2fdomino 86ms (cache miss)
102 silly packumentCache full:https://registry.npmjs.org/@mixmark-io%2fdomino set size:undefined disposed:false
103 silly fetch manifest vscode-languageserver-protocol@3.18.3
104 silly packumentCache full:https://registry.npmjs.org/vscode-languageserver-protocol cache-miss
105 http fetch GET 200 https://registry.npmjs.org/vscode-languageserver-protocol 89ms (cache miss)
106 silly packumentCache full:https://registry.npmjs.org/vscode-languageserver-protocol set size:undefined disposed:false
107 silly placeDep ROOT @one-ini/wasm@0.2.1 OK for: editorconfig@3.0.2 want: 0.2.1
108 silly placeDep ROOT commander@14.0.3 OK for: editorconfig@3.0.2 want: ^14.0.3
109 silly placeDep ROOT minimatch@10.2.6 OK for: editorconfig@3.0.2 want: ~10.2.4
110 silly placeDep ROOT semver@7.8.5 OK for: editorconfig@3.0.2 want: ^7.7.4
111 silly fetch manifest brace-expansion@^5.0.8
112 silly packumentCache full:https://registry.npmjs.org/brace-expansion cache-miss
113 http fetch GET 200 https://registry.npmjs.org/brace-expansion 80ms (cache miss)
114 silly packumentCache full:https://registry.npmjs.org/brace-expansion set size:undefined disposed:false
115 silly placeDep ROOT @nodelib/fs.stat@2.0.5 OK for: fast-glob@3.3.3 want: ^2.0.2
116 silly placeDep ROOT @nodelib/fs.walk@1.2.8 OK for: fast-glob@3.3.3 want: ^1.2.3
117 silly placeDep ROOT glob-parent@5.1.2 OK for: fast-glob@3.3.3 want: ^5.1.2
118 silly placeDep ROOT merge2@1.4.1 OK for: fast-glob@3.3.3 want: ^1.3.0
119 silly placeDep ROOT micromatch@4.0.8 OK for: fast-glob@3.3.3 want: ^4.0.8
120 silly fetch manifest fastq@^1.6.0
121 silly packumentCache full:https://registry.npmjs.org/fastq cache-miss
122 http fetch GET 200 https://registry.npmjs.org/fastq 77ms (cache miss)
123 silly packumentCache full:https://registry.npmjs.org/fastq set size:undefined disposed:false
124 silly fetch manifest @nodelib/fs.scandir@2.1.5
125 silly packumentCache full:https://registry.npmjs.org/@nodelib%2ffs.scandir cache-miss
126 http fetch GET 200 https://registry.npmjs.org/@nodelib%2ffs.scandir 111ms (cache miss)
127 silly packumentCache full:https://registry.npmjs.org/@nodelib%2ffs.scandir set size:undefined disposed:false
128 silly fetch manifest is-glob@^4.0.1
129 silly packumentCache full:https://registry.npmjs.org/is-glob cache-miss
130 http fetch GET 200 https://registry.npmjs.org/is-glob 96ms (cache miss)
131 silly packumentCache full:https://registry.npmjs.org/is-glob set size:undefined disposed:false
132 silly fetch manifest braces@^3.0.3
133 silly packumentCache full:https://registry.npmjs.org/braces cache-miss
134 http fetch GET 200 https://registry.npmjs.org/braces 76ms (cache miss)
135 silly packumentCache full:https://registry.npmjs.org/braces set size:undefined disposed:false
136 silly fetch manifest picomatch@^2.3.1
137 silly packumentCache full:https://registry.npmjs.org/picomatch cache-miss
138 http fetch GET 200 https://registry.npmjs.org/picomatch 80ms (cache miss)
139 silly packumentCache full:https://registry.npmjs.org/picomatch set size:undefined disposed:false
140 silly placeDep ROOT @nodelib/fs.scandir@2.1.5 OK for: @nodelib/fs.walk@1.2.8 want: 2.1.5
141 silly placeDep ROOT fastq@1.20.3 OK for: @nodelib/fs.walk@1.2.8 want: ^1.6.0
142 silly fetch manifest run-parallel@^1.1.9
143 silly packumentCache full:https://registry.npmjs.org/run-parallel cache-miss
144 http fetch GET 200 https://registry.npmjs.org/run-parallel 93ms (cache miss)
145 silly packumentCache full:https://registry.npmjs.org/run-parallel set size:undefined disposed:false
146 silly fetch manifest reusify@^1.0.4
147 silly packumentCache full:https://registry.npmjs.org/reusify cache-miss
148 http fetch GET 200 https://registry.npmjs.org/reusify 81ms (cache miss)
149 silly packumentCache full:https://registry.npmjs.org/reusify set size:undefined disposed:false
150 silly placeDep ROOT run-parallel@1.2.0 OK for: @nodelib/fs.scandir@2.1.5 want: ^1.1.9
151 silly fetch manifest queue-microtask@^1.2.2
152 silly packumentCache full:https://registry.npmjs.org/queue-microtask cache-miss
153 http fetch GET 200 https://registry.npmjs.org/queue-microtask 94ms (cache miss)
154 silly packumentCache full:https://registry.npmjs.org/queue-microtask set size:undefined disposed:false
155 silly placeDep ROOT reusify@1.1.0 OK for: fastq@1.20.3 want: ^1.0.4
156 silly placeDep ROOT is-glob@4.0.3 OK for: glob-parent@5.1.2 want: ^4.0.1
157 silly fetch manifest is-extglob@^2.1.1
158 silly packumentCache full:https://registry.npmjs.org/is-extglob cache-miss
159 http fetch GET 200 https://registry.npmjs.org/is-extglob 78ms (cache miss)
160 silly packumentCache full:https://registry.npmjs.org/is-extglob set size:undefined disposed:false
161 silly placeDep ROOT is-extglob@2.1.1 OK for: is-glob@4.0.3 want: ^2.1.1
162 silly placeDep ROOT braces@3.0.3 OK for: micromatch@4.0.8 want: ^3.0.3
163 silly placeDep ROOT picomatch@2.3.2 OK for: micromatch@4.0.8 want: ^2.3.1
164 silly fetch manifest fill-range@^7.1.1
165 silly packumentCache full:https://registry.npmjs.org/fill-range cache-miss
166 http fetch GET 200 https://registry.npmjs.org/fill-range 103ms (cache miss)
167 silly packumentCache full:https://registry.npmjs.org/fill-range set size:undefined disposed:false
168 silly placeDep ROOT fill-range@7.1.1 OK for: braces@3.0.3 want: ^7.1.1
169 silly fetch manifest to-regex-range@^5.0.1
170 silly packumentCache full:https://registry.npmjs.org/to-regex-range cache-miss
171 http fetch GET 200 https://registry.npmjs.org/to-regex-range 85ms (cache miss)
172 silly packumentCache full:https://registry.npmjs.org/to-regex-range set size:undefined disposed:false
173 silly placeDep ROOT to-regex-range@5.0.1 OK for: fill-range@7.1.1 want: ^5.0.1
174 silly fetch manifest is-number@^7.0.0
175 silly packumentCache full:https://registry.npmjs.org/is-number cache-miss
176 http fetch GET 200 https://registry.npmjs.org/is-number 95ms (cache miss)
177 silly packumentCache full:https://registry.npmjs.org/is-number set size:undefined disposed:false
178 silly placeDep ROOT brace-expansion@5.0.12 OK for: minimatch@10.2.6 want: ^5.0.8
179 silly fetch manifest balanced-match@^4.0.2
180 silly packumentCache full:https://registry.npmjs.org/balanced-match cache-miss
181 http fetch GET 200 https://registry.npmjs.org/balanced-match 94ms (cache miss)
182 silly packumentCache full:https://registry.npmjs.org/balanced-match set size:undefined disposed:false
183 silly placeDep ROOT balanced-match@4.0.4 OK for: brace-expansion@5.0.12 want: ^4.0.2
184 silly placeDep ROOT queue-microtask@1.2.3 OK for: run-parallel@1.2.0 want: ^1.2.2
185 silly placeDep ROOT is-number@7.0.0 OK for: to-regex-range@5.0.1 want: ^7.0.0
186 silly placeDep ROOT @mixmark-io/domino@2.2.0 OK for: turndown@7.2.4 want: ^2.2.0
187 silly placeDep ROOT vscode-languageserver-protocol@3.18.3 OK for: vscode-languageserver@10.1.1 want: 3.18.3
188 silly fetch manifest vscode-jsonrpc@9.0.2
189 silly packumentCache full:https://registry.npmjs.org/vscode-jsonrpc cache-miss
190 http fetch GET 200 https://registry.npmjs.org/vscode-jsonrpc 92ms (cache miss)
191 silly packumentCache full:https://registry.npmjs.org/vscode-jsonrpc set size:undefined disposed:false
192 silly fetch manifest vscode-languageserver-types@3.18.3
193 silly packumentCache full:https://registry.npmjs.org/vscode-languageserver-types cache-miss
194 http fetch GET 200 https://registry.npmjs.org/vscode-languageserver-types 93ms (cache miss)
195 silly packumentCache full:https://registry.npmjs.org/vscode-languageserver-types set size:undefined disposed:false
196 silly placeDep ROOT vscode-jsonrpc@9.0.2 OK for: vscode-languageserver-protocol@3.18.3 want: 9.0.2
197 silly placeDep ROOT vscode-languageserver-types@3.18.3 OK for: vscode-languageserver-protocol@3.18.3 want: 3.18.3
198 silly reify moves {}
199 http cache vscode-languageserver-types@https://registry.npmjs.org/vscode-languageserver-types/-/vscode-languageserver-types-3.18.3.tgz 0ms (cache hit)
200 http cache vscode-jsonrpc@https://registry.npmjs.org/vscode-jsonrpc/-/vscode-jsonrpc-9.0.2.tgz 0ms (cache hit)
201 http cache vscode-languageserver-protocol@https://registry.npmjs.org/vscode-languageserver-protocol/-/vscode-languageserver-protocol-3.18.3.tgz 0ms (cache hit)
202 http cache @mixmark-io/domino@https://registry.npmjs.org/@mixmark-io/domino/-/domino-2.2.0.tgz 0ms (cache hit)
203 http cache is-number@https://registry.npmjs.org/is-number/-/is-number-7.0.0.tgz 0ms (cache hit)
204 http cache queue-microtask@https://registry.npmjs.org/queue-microtask/-/queue-microtask-1.2.3.tgz 0ms (cache hit)
205 http cache balanced-match@https://registry.npmjs.org/balanced-match/-/balanced-match-4.0.4.tgz 0ms (cache hit)
206 http cache brace-expansion@https://registry.npmjs.org/brace-expansion/-/brace-expansion-5.0.12.tgz 0ms (cache hit)
207 http cache to-regex-range@https://registry.npmjs.org/to-regex-range/-/to-regex-range-5.0.1.tgz 0ms (cache hit)
208 http cache fill-range@https://registry.npmjs.org/fill-range/-/fill-range-7.1.1.tgz 0ms (cache hit)
209 http cache picomatch@https://registry.npmjs.org/picomatch/-/picomatch-2.3.2.tgz 0ms (cache hit)
210 http cache braces@https://registry.npmjs.org/braces/-/braces-3.0.3.tgz 0ms (cache hit)
211 http cache is-extglob@https://registry.npmjs.org/is-extglob/-/is-extglob-2.1.1.tgz 0ms (cache hit)
212 http cache is-glob@https://registry.npmjs.org/is-glob/-/is-glob-4.0.3.tgz 0ms (cache hit)
213 http cache reusify@https://registry.npmjs.org/reusify/-/reusify-1.1.0.tgz 0ms (cache hit)
214 http cache run-parallel@https://registry.npmjs.org/run-parallel/-/run-parallel-1.2.0.tgz 0ms (cache hit)
215 http cache fastq@https://registry.npmjs.org/fastq/-/fastq-1.20.3.tgz 0ms (cache hit)
216 http cache @nodelib/fs.scandir@https://registry.npmjs.org/@nodelib/fs.scandir/-/fs.scandir-2.1.5.tgz 0ms (cache hit)
217 http cache micromatch@https://registry.npmjs.org/micromatch/-/micromatch-4.0.8.tgz 0ms (cache hit)
218 http cache merge2@https://registry.npmjs.org/merge2/-/merge2-1.4.1.tgz 0ms (cache hit)
219 http cache glob-parent@https://registry.npmjs.org/glob-parent/-/glob-parent-5.1.2.tgz 0ms (cache hit)
220 http cache @nodelib/fs.walk@https://registry.npmjs.org/@nodelib/fs.walk/-/fs.walk-1.2.8.tgz 0ms (cache hit)
221 http cache @nodelib/fs.stat@https://registry.npmjs.org/@nodelib/fs.stat/-/fs.stat-2.0.5.tgz 0ms (cache hit)
222 http cache semver@https://registry.npmjs.org/semver/-/semver-7.8.5.tgz 0ms (cache hit)
223 http cache minimatch@https://registry.npmjs.org/minimatch/-/minimatch-10.2.6.tgz 0ms (cache hit)
224 http cache commander@https://registry.npmjs.org/commander/-/commander-14.0.3.tgz 0ms (cache hit)
225 http cache @one-ini/wasm@https://registry.npmjs.org/@one-ini/wasm/-/wasm-0.2.1.tgz 0ms (cache hit)
226 http cache zod@https://registry.npmjs.org/zod/-/zod-3.25.76.tgz 0ms (cache hit)
227 http cache web-tree-sitter@https://registry.npmjs.org/web-tree-sitter/-/web-tree-sitter-0.27.0.tgz 0ms (cache hit)
228 http cache vscode-languageserver-textdocument@https://registry.npmjs.org/vscode-languageserver-textdocument/-/vscode-languageserver-textdocument-1.0.14.tgz 0ms (cache hit)
229 http cache vscode-languageserver@https://registry.npmjs.org/vscode-languageserver/-/vscode-languageserver-10.1.1.tgz 0ms (cache hit)
230 http cache turndown@https://registry.npmjs.org/turndown/-/turndown-7.2.4.tgz 0ms (cache hit)
231 http cache fuzzy-search@https://registry.npmjs.org/fuzzy-search/-/fuzzy-search-3.2.1.tgz 0ms (cache hit)
232 http cache fast-glob@https://registry.npmjs.org/fast-glob/-/fast-glob-3.3.3.tgz 0ms (cache hit)
233 http cache editorconfig@https://registry.npmjs.org/editorconfig/-/editorconfig-3.0.2.tgz 0ms (cache hit)
234 http cache bash-language-server@https://registry.npmjs.org/bash-language-server/-/bash-language-server-5.8.1.tgz 0ms (cache hit)
235 silly tarball no local data for vscode-languageserver-types@https://registry.npmjs.org/vscode-languageserver-types/-/vscode-languageserver-types-3.18.3.tgz. Extracting by manifest.
236 silly tarball no local data for vscode-jsonrpc@https://registry.npmjs.org/vscode-jsonrpc/-/vscode-jsonrpc-9.0.2.tgz. Extracting by manifest.
237 silly tarball no local data for vscode-languageserver-protocol@https://registry.npmjs.org/vscode-languageserver-protocol/-/vscode-languageserver-protocol-3.18.3.tgz. Extracting by manifest.
238 silly tarball no local data for @mixmark-io/domino@https://registry.npmjs.org/@mixmark-io/domino/-/domino-2.2.0.tgz. Extracting by manifest.
239 silly tarball no local data for is-number@https://registry.npmjs.org/is-number/-/is-number-7.0.0.tgz. Extracting by manifest.
240 silly tarball no local data for queue-microtask@https://registry.npmjs.org/queue-microtask/-/queue-microtask-1.2.3.tgz. Extracting by manifest.
241 silly tarball no local data for balanced-match@https://registry.npmjs.org/balanced-match/-/balanced-match-4.0.4.tgz. Extracting by manifest.
242 silly tarball no local data for brace-expansion@https://registry.npmjs.org/brace-expansion/-/brace-expansion-5.0.12.tgz. Extracting by manifest.
243 silly tarball no local data for to-regex-range@https://registry.npmjs.org/to-regex-range/-/to-regex-range-5.0.1.tgz. Extracting by manifest.
244 silly tarball no local data for fill-range@https://registry.npmjs.org/fill-range/-/fill-range-7.1.1.tgz. Extracting by manifest.
245 silly tarball no local data for picomatch@https://registry.npmjs.org/picomatch/-/picomatch-2.3.2.tgz. Extracting by manifest.
246 silly tarball no local data for braces@https://registry.npmjs.org/braces/-/braces-3.0.3.tgz. Extracting by manifest.
247 silly tarball no local data for is-extglob@https://registry.npmjs.org/is-extglob/-/is-extglob-2.1.1.tgz. Extracting by manifest.
248 silly tarball no local data for is-glob@https://registry.npmjs.org/is-glob/-/is-glob-4.0.3.tgz. Extracting by manifest.
249 silly tarball no local data for reusify@https://registry.npmjs.org/reusify/-/reusify-1.1.0.tgz. Extracting by manifest.
250 silly tarball no local data for run-parallel@https://registry.npmjs.org/run-parallel/-/run-parallel-1.2.0.tgz. Extracting by manifest.
251 silly tarball no local data for fastq@https://registry.npmjs.org/fastq/-/fastq-1.20.3.tgz. Extracting by manifest.
252 silly tarball no local data for @nodelib/fs.scandir@https://registry.npmjs.org/@nodelib/fs.scandir/-/fs.scandir-2.1.5.tgz. Extracting by manifest.
253 silly tarball no local data for micromatch@https://registry.npmjs.org/micromatch/-/micromatch-4.0.8.tgz. Extracting by manifest.
254 silly tarball no local data for merge2@https://registry.npmjs.org/merge2/-/merge2-1.4.1.tgz. Extracting by manifest.
255 silly tarball no local data for glob-parent@https://registry.npmjs.org/glob-parent/-/glob-parent-5.1.2.tgz. Extracting by manifest.
256 silly tarball no local data for @nodelib/fs.walk@https://registry.npmjs.org/@nodelib/fs.walk/-/fs.walk-1.2.8.tgz. Extracting by manifest.
257 silly tarball no local data for @nodelib/fs.stat@https://registry.npmjs.org/@nodelib/fs.stat/-/fs.stat-2.0.5.tgz. Extracting by manifest.
258 silly tarball no local data for semver@https://registry.npmjs.org/semver/-/semver-7.8.5.tgz. Extracting by manifest.
259 silly tarball no local data for minimatch@https://registry.npmjs.org/minimatch/-/minimatch-10.2.6.tgz. Extracting by manifest.
260 silly tarball no local data for commander@https://registry.npmjs.org/commander/-/commander-14.0.3.tgz. Extracting by manifest.
261 silly tarball no local data for @one-ini/wasm@https://registry.npmjs.org/@one-ini/wasm/-/wasm-0.2.1.tgz. Extracting by manifest.
262 silly tarball no local data for zod@https://registry.npmjs.org/zod/-/zod-3.25.76.tgz. Extracting by manifest.
263 silly tarball no local data for web-tree-sitter@https://registry.npmjs.org/web-tree-sitter/-/web-tree-sitter-0.27.0.tgz. Extracting by manifest.
264 silly tarball no local data for vscode-languageserver-textdocument@https://registry.npmjs.org/vscode-languageserver-textdocument/-/vscode-languageserver-textdocument-1.0.14.tgz. Extracting by manifest.
265 silly tarball no local data for vscode-languageserver@https://registry.npmjs.org/vscode-languageserver/-/vscode-languageserver-10.1.1.tgz. Extracting by manifest.
266 silly tarball no local data for turndown@https://registry.npmjs.org/turndown/-/turndown-7.2.4.tgz. Extracting by manifest.
267 silly tarball no local data for fuzzy-search@https://registry.npmjs.org/fuzzy-search/-/fuzzy-search-3.2.1.tgz. Extracting by manifest.
268 silly tarball no local data for fast-glob@https://registry.npmjs.org/fast-glob/-/fast-glob-3.3.3.tgz. Extracting by manifest.
269 silly tarball no local data for editorconfig@https://registry.npmjs.org/editorconfig/-/editorconfig-3.0.2.tgz. Extracting by manifest.
270 silly tarball no local data for bash-language-server@https://registry.npmjs.org/bash-language-server/-/bash-language-server-5.8.1.tgz. Extracting by manifest.
271 http fetch GET 200 https://registry.npmjs.org/vscode-languageserver-types/-/vscode-languageserver-types-3.18.3.tgz 131ms (cache miss)
272 http fetch GET 200 https://registry.npmjs.org/run-parallel/-/run-parallel-1.2.0.tgz 236ms (cache miss)
273 http fetch GET 200 https://registry.npmjs.org/queue-microtask/-/queue-microtask-1.2.3.tgz 561ms (cache miss)
274 http fetch GET 200 https://registry.npmjs.org/is-glob/-/is-glob-4.0.3.tgz 590ms (cache miss)
275 http fetch GET 200 https://registry.npmjs.org/fastq/-/fastq-1.20.3.tgz 607ms (cache miss)
276 http fetch GET 200 https://registry.npmjs.org/fill-range/-/fill-range-7.1.1.tgz 653ms (cache miss)
277 http fetch GET 200 https://registry.npmjs.org/is-extglob/-/is-extglob-2.1.1.tgz 668ms (cache miss)
278 http fetch GET 200 https://registry.npmjs.org/is-number/-/is-number-7.0.0.tgz 683ms (cache miss)
279 http fetch GET 200 https://registry.npmjs.org/@nodelib/fs.scandir/-/fs.scandir-2.1.5.tgz 684ms (cache miss)
280 http fetch GET 200 https://registry.npmjs.org/to-regex-range/-/to-regex-range-5.0.1.tgz 690ms (cache miss)
281 http fetch GET 200 https://registry.npmjs.org/glob-parent/-/glob-parent-5.1.2.tgz 687ms (cache miss)
282 http fetch GET 200 https://registry.npmjs.org/merge2/-/merge2-1.4.1.tgz 693ms (cache miss)
283 http fetch GET 200 https://registry.npmjs.org/reusify/-/reusify-1.1.0.tgz 714ms (cache miss)
284 http fetch GET 200 https://registry.npmjs.org/micromatch/-/micromatch-4.0.8.tgz 727ms (cache miss)
285 http fetch GET 200 https://registry.npmjs.org/vscode-languageserver-textdocument/-/vscode-languageserver-textdocument-1.0.14.tgz 724ms (cache miss)
286 http fetch GET 200 https://registry.npmjs.org/balanced-match/-/balanced-match-4.0.4.tgz 740ms (cache miss)
287 http fetch GET 200 https://registry.npmjs.org/editorconfig/-/editorconfig-3.0.2.tgz 732ms (cache miss)
288 http fetch GET 200 https://registry.npmjs.org/picomatch/-/picomatch-2.3.2.tgz 760ms (cache miss)
289 http fetch GET 200 https://registry.npmjs.org/braces/-/braces-3.0.3.tgz 770ms (cache miss)
290 http fetch GET 200 https://registry.npmjs.org/brace-expansion/-/brace-expansion-5.0.12.tgz 777ms (cache miss)
291 http fetch GET 200 https://registry.npmjs.org/@nodelib/fs.stat/-/fs.stat-2.0.5.tgz 785ms (cache miss)
292 http fetch GET 200 https://registry.npmjs.org/@one-ini/wasm/-/wasm-0.2.1.tgz 787ms (cache miss)
293 http fetch GET 200 https://registry.npmjs.org/turndown/-/turndown-7.2.4.tgz 833ms (cache miss)
294 http fetch GET 200 https://registry.npmjs.org/commander/-/commander-14.0.3.tgz 901ms (cache miss)
295 http fetch GET 200 https://registry.npmjs.org/fuzzy-search/-/fuzzy-search-3.2.1.tgz 899ms (cache miss)
296 http fetch GET 200 https://registry.npmjs.org/@nodelib/fs.walk/-/fs.walk-1.2.8.tgz 962ms (cache miss)
297 http fetch GET 200 https://registry.npmjs.org/semver/-/semver-7.8.5.tgz 1112ms (cache miss)
298 http fetch GET 200 https://registry.npmjs.org/vscode-jsonrpc/-/vscode-jsonrpc-9.0.2.tgz 1166ms (cache miss)
299 http fetch GET 200 https://registry.npmjs.org/fast-glob/-/fast-glob-3.3.3.tgz 1280ms (cache miss)
300 http fetch GET 200 https://registry.npmjs.org/vscode-languageserver/-/vscode-languageserver-10.1.1.tgz 1320ms (cache miss)
301 http fetch GET 200 https://registry.npmjs.org/minimatch/-/minimatch-10.2.6.tgz 1334ms (cache miss)
302 http fetch GET 200 https://registry.npmjs.org/vscode-languageserver-protocol/-/vscode-languageserver-protocol-3.18.3.tgz 1388ms (cache miss)
303 http fetch GET 200 https://registry.npmjs.org/web-tree-sitter/-/web-tree-sitter-0.27.0.tgz 1510ms (cache miss)
304 http fetch GET 200 https://registry.npmjs.org/bash-language-server/-/bash-language-server-5.8.1.tgz 1879ms (cache miss)
305 http fetch GET 200 https://registry.npmjs.org/zod/-/zod-3.25.76.tgz 2496ms (cache miss)
306 http fetch GET 200 https://registry.npmjs.org/@mixmark-io/domino/-/domino-2.2.0.tgz 3434ms (cache miss)
307 silly ADD node_modules/vscode-languageserver-types
308 silly ADD node_modules/vscode-jsonrpc
309 silly ADD node_modules/vscode-languageserver-protocol
310 silly ADD node_modules/@mixmark-io/domino
311 silly ADD node_modules/is-number
312 silly ADD node_modules/queue-microtask
313 silly ADD node_modules/balanced-match
314 silly ADD node_modules/brace-expansion
315 silly ADD node_modules/to-regex-range
316 silly ADD node_modules/fill-range
317 silly ADD node_modules/picomatch
318 silly ADD node_modules/braces
319 silly ADD node_modules/is-extglob
320 silly ADD node_modules/is-glob
321 silly ADD node_modules/reusify
322 silly ADD node_modules/run-parallel
323 silly ADD node_modules/fastq
324 silly ADD node_modules/@nodelib/fs.scandir
325 silly ADD node_modules/micromatch
326 silly ADD node_modules/merge2
327 silly ADD node_modules/glob-parent
328 silly ADD node_modules/@nodelib/fs.walk
329 silly ADD node_modules/@nodelib/fs.stat
330 silly ADD node_modules/semver
331 silly ADD node_modules/minimatch
332 silly ADD node_modules/commander
333 silly ADD node_modules/@one-ini/wasm
334 silly ADD node_modules/zod
335 silly ADD node_modules/web-tree-sitter
336 silly ADD node_modules/vscode-languageserver-textdocument
337 silly ADD node_modules/vscode-languageserver
338 silly ADD node_modules/turndown
339 silly ADD node_modules/fuzzy-search
340 silly ADD node_modules/fast-glob
341 silly ADD node_modules/editorconfig
342 silly ADD node_modules/bash-language-server
343 verbose cwd /home/phng/dotfiles/linux/arch/.local/share/zed/languages/bash-language-server
344 verbose os Linux 7.2.8-arch1-2
345 verbose node v26.10.0
346 verbose npm  v12.2.0
347 verbose exit 0
348 info ok
