0 verbose cli /usr/bin/node /usr/sbin/npm
1 info using npm@12.2.0
2 info using node@v26.10.0
3 silly config load:file:/usr/lib/node_modules/npm/npmrc
4 silly config load:file:/home/phng/.npmrc
5 silly config load:file:/etc/npmrc
6 verbose title npm info bash-language-server
7 verbose argv "info" "--cache" "/home/phng/.local/share/zed/node/cache" "bash-language-server" "--json" "--fetch-retry-mintimeout" "2000" "--fetch-retry-maxtimeout" "5000" "--fetch-timeout" "5000"
8 verbose logfile logs-max:10 dir:/home/phng/.local/share/zed/node/cache/_logs/2026-10-05T10_39_11_817Z-
9 verbose logfile /home/phng/.local/share/zed/node/cache/_logs/2026-10-05T10_39_11_817Z-debug-0.log
10 silly logfile done cleaning log files
11 http fetch GET 200 https://registry.npmjs.org/bash-language-server 375ms (cache miss)
12 silly view {
12 silly view   '5.8.1': {
12 silly view     _id: 'bash-language-server@5.8.1',
12 silly view     _rev: '116-8ecebb25a5d4e4f129be0da18357cfdd',
12 silly view     name: 'bash-language-server',
12 silly view     'dist-tags': { beta: '5.0.0-rc2', latest: '5.8.1' },
12 silly view     versions: [
12 silly view       '1.0.0',        '1.1.0',        '1.1.1',        '1.1.2',
12 silly view       '1.3.0',        '1.3.1',        '1.4.0',        '1.4.1',
12 silly view       '1.5.0',        '1.5.1',        '1.5.2',        '1.5.3',
12 silly view       '1.5.4',        '1.5.5',        '1.5.6',        '1.6.0',
12 silly view       '1.6.1',        '1.7.0',        '1.8.0',        '1.9.0',
12 silly view       '1.10.0',       '1.11.0',       '1.11.1',       '1.11.2',
12 silly view       '1.11.3',       '1.12.0',       '1.13.0',       '1.13.1',
12 silly view       '1.14.0',       '1.15.0',       '1.16.0',       '1.16.1',
12 silly view       '1.17.0',       '2.0.0',        '2.1.0',        '3.0.0',
12 silly view       '3.0.1',        '3.0.2',        '3.0.3',        '3.0.4',
12 silly view       '3.0.5',        '3.1.0',        '3.1.1',        '3.2.0',
12 silly view       '3.2.1',        '3.2.2',        '3.2.3',        '3.3.0',
12 silly view       '3.3.1',        '4.0.0-beta.1', '4.0.0-beta.2', '4.0.0-beta.3',
12 silly view       '4.0.0-beta.4', '4.0.0-beta.5', '4.0.0-beta.6', '4.0.0',
12 silly view       '4.0.1',        '4.1.0',        '4.1.1',        '4.1.2',
12 silly view       '4.1.3',        '4.2.0',        '4.2.1',        '4.2.2',
12 silly view       '4.2.3',        '4.2.4',        '4.2.5',        '4.3.0',
12 silly view       '4.3.2',        '4.4.0',        '4.5.0',        '4.5.1',
12 silly view       '4.5.2',        '4.5.3',        '4.5.4',        '4.5.5',
12 silly view       '4.6.0',        '4.6.1',        '4.6.2',        '4.7.0',
12 silly view       '4.8.0',        '4.8.1',        '4.8.2',        '4.8.3',
12 silly view       '4.8.4',        '4.9.0',        '4.9.1',        '4.9.2',
12 silly view       '4.9.3',        '4.10.0',       '4.10.1',       '4.10.2',
12 silly view       '4.10.3',       '5.0.0-rc1',    '5.0.0-rc2',    '5.0.0',
12 silly view       '5.1.0',        '5.1.1',        '5.1.2',        '5.2.0',
12 silly view       ... 14 more items
12 silly view     ],
12 silly view     time: {
12 silly view       created: '2018-03-02T19:16:11.898Z',
12 silly view       modified: '2026-09-19T20:44:44.679Z',
12 silly view       '1.0.0': '2018-03-02T19:16:11.944Z',
12 silly view       '1.1.0': '2018-03-03T08:40:13.273Z',
12 silly view       '1.1.1': '2018-03-04T14:51:39.419Z',
12 silly view       '1.1.2': '2018-03-17T08:41:14.095Z',
12 silly view       '1.3.0': '2018-04-21T15:16:08.452Z',
12 silly view       '1.3.1': '2018-04-30T14:29:58.620Z',
12 silly view       '1.4.0': '2018-07-11T13:23:32.002Z',
12 silly view       '1.4.1': '2018-07-30T16:06:46.046Z',
12 silly view       '1.5.0': '2018-08-02T16:11:40.324Z',
12 silly view       '1.5.1': '2018-08-02T16:28:40.297Z',
12 silly view       '1.5.2': '2018-08-07T05:06:31.489Z',
12 silly view       '1.5.3': '2018-10-02T19:22:23.655Z',
12 silly view       '1.5.4': '2018-10-07T14:35:27.704Z',
12 silly view       '1.5.5': '2018-11-20T16:57:51.366Z',
12 silly view       '1.5.6': '2019-03-23T15:14:59.355Z',
12 silly view       '1.6.0': '2019-09-23T19:03:20.762Z',
12 silly view       '1.6.1': '2019-09-24T17:46:16.021Z',
12 silly view       '1.7.0': '2019-12-11T18:13:07.799Z',
12 silly view       '1.8.0': '2020-03-02T15:46:48.731Z',
12 silly view       '1.9.0': '2020-03-03T23:14:38.165Z',
12 silly view       '1.10.0': '2020-03-04T12:41:46.591Z',
12 silly view       '1.11.0': '2020-03-04T13:35:28.224Z',
12 silly view       '1.11.1': '2020-03-05T09:04:01.359Z',
12 silly view       '1.11.2': '2020-04-14T09:54:35.377Z',
12 silly view       '1.11.3': '2020-04-14T18:58:29.603Z',
12 silly view       '1.12.0': '2020-04-16T19:53:04.198Z',
12 silly view       '1.13.0': '2020-04-16T20:18:23.186Z',
12 silly view       '1.13.1': '2020-04-18T09:18:20.605Z',
12 silly view       '1.14.0': '2020-05-06T10:39:10.888Z',
12 silly view       '1.15.0': '2020-05-15T09:56:19.757Z',
12 silly view       '1.16.0': '2020-05-20T09:25:33.626Z',
12 silly view       '1.16.1': '2020-05-23T04:43:16.852Z',
12 silly view       '1.17.0': '2020-08-24T20:31:38.830Z',
12 silly view       '2.0.0': '2021-08-11T20:00:50.869Z',
12 silly view       '2.1.0': '2022-04-17T20:33:00.131Z',
12 silly view       '3.0.0': '2022-05-13T13:58:28.726Z',
12 silly view       '3.0.1': '2022-05-13T23:23:46.732Z',
12 silly view       '3.0.2': '2022-05-14T05:28:38.160Z',
12 silly view       '3.0.3': '2022-05-22T08:47:35.113Z',
12 silly view       '3.0.4': '2022-06-17T17:13:45.090Z',
12 silly view       '3.0.5': '2022-07-03T21:13:59.069Z',
12 silly view       '3.1.0': '2022-08-19T08:50:04.178Z',
12 silly view       '3.1.1': '2022-11-18T20:07:07.529Z',
12 silly view       '3.2.0': '2022-11-25T09:03:04.331Z',
12 silly view       '3.2.1': '2022-11-25T13:28:20.814Z',
12 silly view       '3.2.2': '2022-11-26T23:57:24.626Z',
12 silly view       '3.2.3': '2022-11-27T00:04:24.607Z',
12 silly view       '3.3.0': '2022-11-28T09:38:10.995Z',
12 silly view       '3.3.1': '2022-11-28T14:03:48.966Z',
12 silly view       '4.0.0-beta.1': '2022-11-30T15:30:48.077Z',
12 silly view       '4.0.0-beta.2': '2022-12-01T09:25:31.504Z',
12 silly view       '4.0.0-beta.3': '2022-12-05T09:04:25.156Z',
12 silly view       '4.0.0-beta.4': '2022-12-05T14:37:28.031Z',
12 silly view       '4.0.0-beta.5': '2022-12-05T21:13:26.545Z',
12 silly view       '4.0.0-beta.6': '2022-12-05T21:54:16.034Z',
12 silly view       '4.0.0': '2022-12-06T08:51:00.489Z',
12 silly view       '4.0.1': '2022-12-06T11:26:54.710Z',
12 silly view       '4.1.0': '2022-12-09T12:19:57.961Z',
12 silly view       '4.1.1': '2022-12-13T14:57:30.522Z',
12 silly view       '4.1.2': '2022-12-14T10:07:23.171Z',
12 silly view       '4.1.3': '2022-12-20T08:44:56.041Z',
12 silly view       '4.2.0': '2023-01-02T19:27:31.454Z',
12 silly view       '4.2.1': '2023-01-02T20:41:16.093Z',
12 silly view       '4.2.2': '2023-01-04T20:42:05.404Z',
12 silly view       '4.2.3': '2023-01-05T08:40:18.465Z',
12 silly view       '4.2.4': '2023-01-05T08:46:28.580Z',
12 silly view       '4.2.5': '2023-01-06T23:19:08.739Z',
12 silly view       '4.3.0': '2023-01-10T09:17:57.262Z',
12 silly view       '4.3.2': '2023-01-10T12:36:02.314Z',
12 silly view       '4.4.0': '2023-01-10T21:15:17.343Z',
12 silly view       '4.5.0': '2023-01-17T09:30:38.561Z',
12 silly view       '4.5.1': '2023-01-18T09:45:55.305Z',
12 silly view       '4.5.2': '2023-01-23T09:02:45.731Z',
12 silly view       '4.5.3': '2023-01-24T21:46:22.770Z',
12 silly view       '4.5.4': '2023-01-25T10:53:09.116Z',
12 silly view       '4.5.5': '2023-01-26T09:06:26.419Z',
12 silly view       '4.6.0': '2023-01-26T09:32:12.310Z',
12 silly view       '4.6.1': '2023-01-27T09:33:28.556Z',
12 silly view       '4.6.2': '2023-02-01T20:54:06.327Z',
12 silly view       '4.7.0': '2023-02-09T08:40:24.169Z',
12 silly view       '4.8.0': '2023-03-04T10:47:47.343Z',
12 silly view       '4.8.1': '2023-03-04T11:09:38.980Z',
12 silly view       '4.8.2': '2023-03-05T20:20:17.725Z',
12 silly view       '4.8.3': '2023-03-09T19:39:13.151Z',
12 silly view       '4.8.4': '2023-03-24T21:35:18.471Z',
12 silly view       '4.9.0': '2023-04-02T06:12:39.563Z',
12 silly view       '4.9.1': '2023-04-11T06:44:47.268Z',
12 silly view       '4.9.2': '2023-05-14T20:45:16.938Z',
12 silly view       '4.9.3': '2023-06-10T20:49:41.437Z',
12 silly view       '4.10.0': '2023-06-10T21:36:26.968Z',
12 silly view       '4.10.1': '2023-06-27T05:33:05.050Z',
12 silly view       '4.10.2': '2023-07-13T10:07:53.374Z',
12 silly view       '4.10.3': '2023-07-15T19:07:33.515Z',
12 silly view       '5.0.0-rc1': '2023-07-15T19:29:13.654Z',
12 silly view       '5.0.0-rc2': '2023-07-15T19:55:33.210Z',
12 silly view       '5.0.0': '2023-07-15T20:00:22.861Z',
12 silly view       '5.1.0': '2023-12-27T12:29:03.159Z',
12 silly view       '5.1.1': '2023-12-27T12:33:27.233Z',
12 silly view       '5.1.2': '2024-01-12T07:44:53.523Z',
12 silly view       '5.2.0': '2024-04-23T20:07:08.850Z',
12 silly view       '5.3.1': '2024-05-13T13:05:16.961Z',
12 silly view       '5.3.2': '2024-05-15T06:23:50.796Z',
12 silly view       '5.3.3': '2024-05-15T14:33:42.661Z',
12 silly view       '5.3.4': '2024-06-02T20:10:22.221Z',
12 silly view       '5.4.0': '2024-06-10T06:56:11.750Z',
12 silly view       '5.4.1': '2024-09-25T21:28:28.512Z',
12 silly view       '5.4.2': '2024-09-25T21:35:21.082Z',
12 silly view       '5.4.3': '2025-01-02T23:18:49.485Z',
12 silly view       '5.5.0': '2025-04-13T20:24:35.907Z',
12 silly view       '5.6.0': '2025-04-13T21:25:27.098Z',
12 silly view       '5.7.0': '2026-09-16T13:07:48.885Z',
12 silly view       '5.7.1': '2026-09-16T17:11:03.571Z',
12 silly view       '5.8.0': '2026-09-17T09:03:33.215Z',
12 silly view       '5.8.1': '2026-09-19T20:44:44.359Z'
12 silly view     },
12 silly view     bugs: { url: 'https://github.com/bash-lsp/bash-language-server/issues' },
12 silly view     author: { name: 'Mads Hartmann' },
12 silly view     license: 'MIT',
12 silly view     homepage: 'https://github.com/bash-lsp/bash-language-server#readme',
12 silly view     repository: {
12 silly view       url: 'git+https://github.com/bash-lsp/bash-language-server.git',
12 silly view       type: 'git'
12 silly view     },
12 silly view     description: 'A language server for Bash',
12 silly view     maintainers: [ [Object], [Object] ],
12 silly view     readmeFilename: 'README.md',
12 silly view     bin: { 'bash-language-server': 'out/cli.js' },
12 silly view     dist: {
12 silly view       shasum: '3fce90b4a8948267c0fbeac9df621b60d39c83d3',
12 silly view       tarball: 'https://registry.npmjs.org/bash-language-server/-/bash-language-server-5.8.1.tgz',
12 silly view       fileCount: 165,
12 silly view       integrity: 'sha512-F3g0hKZhCiKbLUf9wkrST6+ZypsHvJqaJxw/+J7WK2ywhFyc8+7jSHSTU1UDYncZkyWgbKV6+eZy5qWTZtoXww==',
12 silly view       signatures: [Array],
12 silly view       attestations: [Object],
12 silly view       unpackedSize: 2315516
12 silly view     },
12 silly view     main: './out/server.js',
12 silly view     engines: { node: '>=20' },
12 silly view     gitHead: 'dd90f3d2c10ddce889b456a9ac4a1d0f079a9558',
12 silly view     scripts: {
12 silly view       prepublishOnly: 'cd ../ && pnpm compile && cp README.md server/'
12 silly view     },
12 silly view     typings: './out/server.d.ts',
12 silly view     version: '5.8.1',
12 silly view     _npmUser: {
12 silly view       name: 'GitHub Actions',
12 silly view       email: 'npm-oidc-no-reply@github.com',
12 silly view       trustedPublisher: [Object]
12 silly view     },
12 silly view     _npmVersion: '11.19.1',
12 silly view     directories: {},
12 silly view     _nodeVersion: '22.23.2',
12 silly view     dependencies: {
12 silly view       zod: '3.25.76',
12 silly view       turndown: '7.2.4',
12 silly view       'fast-glob': '3.3.3',
12 silly view       editorconfig: '3.0.2',
12 silly view       'fuzzy-search': '3.2.1',
12 silly view       'web-tree-sitter': '0.27.0',
12 silly view       'vscode-languageserver': '10.1.1',
12 silly view       'vscode-languageserver-textdocument': '1.0.14'
12 silly view     },
12 silly view     _hasShrinkwrap: false,
12 silly view     devDependencies: {
12 silly view       '@types/urijs': '1.19.26',
12 silly view       '@types/turndown': '5.0.6',
12 silly view       '@types/fuzzy-search': '2.1.5'
12 silly view     },
12 silly view     _npmOperationalInternal: {
12 silly view       host: 's3://npm-registry-packages-npm-production',
12 silly view       tmp: 'tmp/bash-language-server_5.8.1_1789850684256_0.798315055560286'
12 silly view     }
12 silly view   }
12 silly view }
13 verbose cwd /home/phng
14 verbose os Linux 7.2.8-arch1-2
15 verbose node v26.10.0
16 verbose npm  v12.2.0
17 verbose exit 0
18 info ok
