[   135.457] 
X.Org X Server 1.21.1.24
X Protocol Version 11, Revision 0
[   135.457] Current Operating System: Linux archlinux 7.2.8-arch1-2 #1 SMP PREEMPT_DYNAMIC Thu, 01 Oct 2026 17:24:20 +0000 x86_64
[   135.457] Kernel command line: root=PARTUUID=3b58236e-9aac-44c0-a3be-ce8dc8906141 zswap.enabled=0 rw rootfstype=ext4
[   135.457]  
[   135.457] Current version of pixman: 0.46.4
[   135.457] 	Before reporting problems, check http://wiki.x.org
	to make sure that you have the latest version.
[   135.457] Markers: (--) probed, (**) from config file, (==) default setting,
	(++) from command line, (!!) notice, (II) informational,
	(WW) warning, (EE) error, (NI) not implemented, (??) unknown.
[   135.457] (==) Log file: "/home/phng/.local/share/xorg/Xorg.0.log", Time: Mon Oct  5 17:37:31 2026
[   135.462] (==) Using config directory: "/etc/X11/xorg.conf.d"
[   135.462] (==) Using system config directory "/usr/share/X11/xorg.conf.d"
[   135.464] (==) No Layout section.  Using the first Screen section.
[   135.464] (==) No screen section available. Using defaults.
[   135.464] (**) |-->Screen "Default Screen Section" (0)
[   135.464] (**) |   |-->Monitor "<default monitor>"
[   135.464] (==) No monitor specified for screen "Default Screen Section".
	Using a default monitor configuration.
[   135.464] (**) Allowing byte-swapped clients
[   135.464] (==) Automatically adding devices
[   135.464] (==) Automatically enabling devices
[   135.464] (==) Automatically adding GPU devices
[   135.464] (==) Automatically binding GPU devices
[   135.464] (==) Max clients allowed: 256, resource mask: 0x1fffff
[   135.466] (WW) The directory "/usr/share/fonts/misc" does not exist.
[   135.466] 	Entry deleted from font path.
[   135.466] (WW) The directory "/usr/share/fonts/TTF" does not exist.
[   135.466] 	Entry deleted from font path.
[   135.466] (WW) The directory "/usr/share/fonts/OTF" does not exist.
[   135.466] 	Entry deleted from font path.
[   135.466] (WW) The directory "/usr/share/fonts/Type1" does not exist.
[   135.466] 	Entry deleted from font path.
[   135.466] (WW) The directory "/usr/share/fonts/100dpi" does not exist.
[   135.466] 	Entry deleted from font path.
[   135.466] (WW) The directory "/usr/share/fonts/75dpi" does not exist.
[   135.466] 	Entry deleted from font path.
[   135.466] (==) FontPath set to:
	
[   135.466] (==) ModulePath set to "/usr/lib/xorg/modules"
[   135.466] (II) The server relies on udev to provide the list of input devices.
	If no devices become available, reconfigure udev or disable AutoAddDevices.
[   135.466] (II) Module ABI versions:
[   135.466] 	X.Org ANSI C Emulation: 0.4
[   135.466] 	X.Org Video Driver: 25.2
[   135.466] 	X.Org XInput driver : 24.4
[   135.466] 	X.Org Server Extension : 10.0
[   135.466] (++) using VT number 1

[   135.466] (--) controlling tty is VT number 1, auto-enabling KeepTty
[   135.466] (II) systemd-logind: took control of session /org/freedesktop/login1/session/c1
[   135.468] (II) xfree86: Adding drm device (/dev/dri/card0)
[   135.468] (II) Platform probe for /sys/devices/pci0000:00/0000:00:02.0/drm/card0
[   135.468] (II) systemd-logind: got fd for /dev/dri/card0 226:0 fd 14 paused 0
[   135.469] (--) PCI:*(0@0:2:0) 15ad:0405:15ad:0405 rev 0, Mem @ 0x80000000/16777216, 0x81400000/2097152, I/O @ 0x0000c170/16, BIOS @ 0x????????/131072
[   135.469] (II) LoadModule: "glx"
[   135.471] (II) Loading /usr/lib/xorg/modules/extensions/libglx.so
[   135.476] (II) Module glx: vendor="X.Org Foundation"
[   135.476] 	compiled for 1.21.1.24, module version = 1.0.0
[   135.476] 	ABI class: X.Org Server Extension, version 10.0
[   135.476] (==) Matched vmware as autoconfigured driver 0
[   135.476] (==) Matched modesetting as autoconfigured driver 1
[   135.476] (==) Matched fbdev as autoconfigured driver 2
[   135.476] (==) Matched vesa as autoconfigured driver 3
[   135.476] (==) Assigned the driver to the xf86ConfigLayout
[   135.476] (II) LoadModule: "vmware"
[   135.478] (WW) Warning, couldn't open module vmware
[   135.478] (EE) Failed to load module "vmware" (module does not exist, 0)
[   135.478] (II) LoadModule: "modesetting"
[   135.478] (II) Loading /usr/lib/xorg/modules/drivers/modesetting_drv.so
[   135.480] (II) Module modesetting: vendor="X.Org Foundation"
[   135.480] 	compiled for 1.21.1.24, module version = 1.21.1
[   135.480] 	Module class: X.Org Video Driver
[   135.480] 	ABI class: X.Org Video Driver, version 25.2
[   135.480] (II) LoadModule: "fbdev"
[   135.480] (WW) Warning, couldn't open module fbdev
[   135.480] (EE) Failed to load module "fbdev" (module does not exist, 0)
[   135.480] (II) LoadModule: "vesa"
[   135.480] (WW) Warning, couldn't open module vesa
[   135.480] (EE) Failed to load module "vesa" (module does not exist, 0)
[   135.480] (II) modesetting: Driver for Modesetting Kernel Drivers: kms
[   135.480] (II) modeset(0): using drv /dev/dri/card0
[   135.480] (WW) VGA arbiter: cannot open kernel arbiter, no multi-card support
[   135.480] (II) modeset(0): Creating default Display subsection in Screen section
	"Default Screen Section" for depth/fbbpp 24/32
[   135.480] (==) modeset(0): Depth 24, (==) framebuffer bpp 32
[   135.480] (==) modeset(0): RGB weight 888
[   135.480] (==) modeset(0): Default visual is TrueColor
[   135.480] (II) Loading sub module "glamoregl"
[   135.480] (II) LoadModule: "glamoregl"
[   135.480] (II) Loading /usr/lib/xorg/modules/libglamoregl.so
[   135.483] (II) Module glamoregl: vendor="X.Org Foundation"
[   135.483] 	compiled for 1.21.1.24, module version = 1.0.1
[   135.483] 	ABI class: X.Org ANSI C Emulation, version 0.4
[   136.068] (II) modeset(0): glamor: Using OpenGL 4.6 context.
[   136.068] (II) modeset(0): Refusing to try glamor on llvmpipe
[   136.072] (II) modeset(0): glamor initialization failed
[   136.072] (II) modeset(0): ShadowFB: preferred NO, enabled NO
[   136.072] (II) modeset(0): Output Virtual-1 has no monitor section
[   136.072] (II) modeset(0): Output Virtual-2 has no monitor section
[   136.072] (II) modeset(0): Output Virtual-3 has no monitor section
[   136.072] (II) modeset(0): Output Virtual-4 has no monitor section
[   136.072] (II) modeset(0): Output Virtual-5 has no monitor section
[   136.072] (II) modeset(0): Output Virtual-6 has no monitor section
[   136.072] (II) modeset(0): Output Virtual-7 has no monitor section
[   136.072] (II) modeset(0): Output Virtual-8 has no monitor section
[   136.072] (II) modeset(0): EDID for output Virtual-1
[   136.072] (II) modeset(0): Printing probed modes for output Virtual-1
[   136.072] (II) modeset(0): Modeline "1280x800"x60.0   81.51  1280 1330 1380 1430  800 850 900 950 -hsync +vsync (57.0 kHz eP)
[   136.072] (II) modeset(0): Modeline "1920x1440"x60.0  234.00  1920 2048 2256 2600  1440 1441 1444 1500 -hsync +vsync (90.0 kHz e)
[   136.072] (II) modeset(0): Modeline "1856x1392"x60.0  218.25  1856 1952 2176 2528  1392 1393 1396 1439 -hsync +vsync (86.3 kHz e)
[   136.072] (II) modeset(0): Modeline "1792x1344"x60.0  204.75  1792 1920 2120 2448  1344 1345 1348 1394 -hsync +vsync (83.6 kHz e)
[   136.072] (II) modeset(0): Modeline "2048x1152"x60.0  162.00  2048 2074 2154 2250  1152 1153 1156 1200 +hsync +vsync (72.0 kHz e)
[   136.072] (II) modeset(0): Modeline "1920x1200"x59.9  193.25  1920 2056 2256 2592  1200 1203 1209 1245 -hsync +vsync (74.6 kHz e)
[   136.072] (II) modeset(0): Modeline "1920x1200"x60.0  154.00  1920 1968 2000 2080  1200 1203 1209 1235 +hsync -vsync (74.0 kHz e)
[   136.072] (II) modeset(0): Modeline "1920x1080"x60.0  148.50  1920 2008 2052 2200  1080 1084 1089 1125 -hsync -vsync (67.5 kHz e)
[   136.072] (II) modeset(0): Modeline "1600x1200"x60.0  162.00  1600 1664 1856 2160  1200 1201 1204 1250 +hsync +vsync (75.0 kHz e)
[   136.072] (II) modeset(0): Modeline "1680x1050"x60.0  146.25  1680 1784 1960 2240  1050 1053 1059 1089 -hsync +vsync (65.3 kHz e)
[   136.072] (II) modeset(0): Modeline "1680x1050"x59.9  119.00  1680 1728 1760 1840  1050 1053 1059 1080 +hsync -vsync (64.7 kHz e)
[   136.072] (II) modeset(0): Modeline "1400x1050"x60.0  121.75  1400 1488 1632 1864  1050 1053 1057 1089 -hsync +vsync (65.3 kHz e)
[   136.072] (II) modeset(0): Modeline "1400x1050"x59.9  101.00  1400 1448 1480 1560  1050 1053 1057 1080 +hsync -vsync (64.7 kHz e)
[   136.072] (II) modeset(0): Modeline "1600x900"x60.0  108.00  1600 1624 1704 1800  900 901 904 1000 +hsync +vsync (60.0 kHz e)
[   136.072] (II) modeset(0): Modeline "1280x1024"x60.0  108.00  1280 1328 1440 1688  1024 1025 1028 1066 +hsync +vsync (64.0 kHz e)
[   136.072] (II) modeset(0): Modeline "1440x900"x59.9  106.50  1440 1520 1672 1904  900 903 909 934 -hsync +vsync (55.9 kHz e)
[   136.072] (II) modeset(0): Modeline "1440x900"x59.9   88.75  1440 1488 1520 1600  900 903 909 926 +hsync -vsync (55.5 kHz e)
[   136.072] (II) modeset(0): Modeline "1280x960"x60.0  108.00  1280 1376 1488 1800  960 961 964 1000 +hsync +vsync (60.0 kHz e)
[   136.072] (II) modeset(0): Modeline "1366x768"x59.8   85.50  1366 1436 1579 1792  768 771 774 798 +hsync +vsync (47.7 kHz e)
[   136.072] (II) modeset(0): Modeline "1366x768"x60.0   72.00  1366 1380 1436 1500  768 769 772 800 +hsync +vsync (48.0 kHz e)
[   136.072] (II) modeset(0): Modeline "1360x768"x60.0   85.50  1360 1424 1536 1792  768 771 777 795 +hsync +vsync (47.7 kHz e)
[   136.072] (II) modeset(0): Modeline "1280x800"x59.8   83.50  1280 1352 1480 1680  800 803 809 831 -hsync +vsync (49.7 kHz e)
[   136.072] (II) modeset(0): Modeline "1280x800"x59.9   71.00  1280 1328 1360 1440  800 803 809 823 +hsync -vsync (49.3 kHz e)
[   136.072] (II) modeset(0): Modeline "1280x768"x59.9   79.50  1280 1344 1472 1664  768 771 778 798 -hsync +vsync (47.8 kHz e)
[   136.072] (II) modeset(0): Modeline "1280x768"x60.0   68.25  1280 1328 1360 1440  768 771 778 790 +hsync -vsync (47.4 kHz e)
[   136.072] (II) modeset(0): Modeline "1280x720"x60.0   74.25  1280 1390 1430 1650  720 725 730 750 +hsync +vsync (45.0 kHz e)
[   136.072] (II) modeset(0): Modeline "1024x768"x60.0   65.00  1024 1048 1184 1344  768 771 777 806 -hsync -vsync (48.4 kHz e)
[   136.072] (II) modeset(0): Modeline "800x600"x60.3   40.00  800 840 968 1056  600 601 605 628 +hsync +vsync (37.9 kHz e)
[   136.072] (II) modeset(0): Modeline "800x600"x56.2   36.00  800 824 896 1024  600 601 603 625 +hsync +vsync (35.2 kHz e)
[   136.072] (II) modeset(0): Modeline "848x480"x60.0   33.75  848 864 976 1088  480 486 494 517 +hsync +vsync (31.0 kHz e)
[   136.072] (II) modeset(0): Modeline "640x480"x59.9   25.18  640 656 752 800  480 490 492 525 -hsync -vsync (31.5 kHz e)
[   136.073] (II) modeset(0): EDID for output Virtual-2
[   136.073] (II) modeset(0): EDID for output Virtual-3
[   136.073] (II) modeset(0): EDID for output Virtual-4
[   136.073] (II) modeset(0): EDID for output Virtual-5
[   136.073] (II) modeset(0): EDID for output Virtual-6
[   136.073] (II) modeset(0): EDID for output Virtual-7
[   136.073] (II) modeset(0): EDID for output Virtual-8
[   136.073] (II) modeset(0): Output Virtual-1 connected
[   136.073] (II) modeset(0): Output Virtual-2 disconnected
[   136.073] (II) modeset(0): Output Virtual-3 disconnected
[   136.073] (II) modeset(0): Output Virtual-4 disconnected
[   136.073] (II) modeset(0): Output Virtual-5 disconnected
[   136.073] (II) modeset(0): Output Virtual-6 disconnected
[   136.073] (II) modeset(0): Output Virtual-7 disconnected
[   136.073] (II) modeset(0): Output Virtual-8 disconnected
[   136.073] (II) modeset(0): Using exact sizes for initial modes
[   136.073] (II) modeset(0): Output Virtual-1 using initial mode 1280x800 +0+0
[   136.073] (==) modeset(0): Using gamma correction (1.0, 1.0, 1.0)
[   136.073] (==) modeset(0): DPI set to (96, 96)
[   136.073] (II) Loading sub module "fb"
[   136.073] (II) LoadModule: "fb"
[   136.073] (II) Module "fb" already built-in
[   136.073] (==) modeset(0): Backing store enabled
[   136.073] (==) modeset(0): Silken mouse enabled
[   136.073] (II) modeset(0): Initializing kms color map for depth 24, 8 bpc.
[   136.073] (==) modeset(0): DPMS enabled
[   136.073] (II) Initializing extension Generic Event Extension
[   136.073] (II) Initializing extension SHAPE
[   136.073] (II) Initializing extension MIT-SHM
[   136.073] (II) Initializing extension XInputExtension
[   136.073] (II) Initializing extension XTEST
[   136.073] (II) Initializing extension BIG-REQUESTS
[   136.073] (II) Initializing extension SYNC
[   136.073] (II) Initializing extension XKEYBOARD
[   136.073] (II) Initializing extension XC-MISC
[   136.073] (II) Initializing extension SECURITY
[   136.073] (II) Initializing extension XFIXES
[   136.073] (II) Initializing extension RENDER
[   136.073] (II) Initializing extension RANDR
[   136.073] (II) Initializing extension COMPOSITE
[   136.073] (II) Initializing extension DAMAGE
[   136.073] (II) Initializing extension MIT-SCREEN-SAVER
[   136.073] (II) Initializing extension DOUBLE-BUFFER
[   136.073] (II) Initializing extension RECORD
[   136.073] (II) Initializing extension DPMS
[   136.073] (II) Initializing extension Present
[   136.073] (II) Initializing extension DRI3
[   136.073] (II) Initializing extension X-Resource
[   136.073] (II) Initializing extension XVideo
[   136.073] (II) Initializing extension XVideo-MotionCompensation
[   136.073] (II) Initializing extension GLX
[   136.073] (II) AIGLX: Screen 0 is not DRI2 capable
[   136.078] (II) IGLX: Loaded and initialized swrast
[   136.078] (II) GLX: Initialized DRISWRAST GL provider for screen 0
[   136.078] (II) Initializing extension XFree86-VidModeExtension
[   136.078] (II) Initializing extension XFree86-DGA
[   136.078] (II) Initializing extension XFree86-DRI
[   136.078] (II) Initializing extension DRI2
[   136.078] (II) modeset(0): Damage tracking initialized
[   136.078] (II) modeset(0): Setting screen physical size to 338 x 211
[   136.119] (II) config/udev: Adding input device VirtualBox mouse integration (/dev/input/event3)
[   136.119] (**) VirtualBox mouse integration: Applying InputClass "libinput pointer catchall"
[   136.119] (II) LoadModule: "libinput"
[   136.119] (II) Loading /usr/lib/xorg/modules/input/libinput_drv.so
[   136.137] (II) Module libinput: vendor="X.Org Foundation"
[   136.137] 	compiled for 1.21.1.13, module version = 1.5.0
[   136.137] 	Module class: X.Org XInput Driver
[   136.137] 	ABI class: X.Org XInput driver, version 24.4
[   136.137] (II) Using input driver 'libinput' for 'VirtualBox mouse integration'
[   136.139] (II) systemd-logind: got fd for /dev/input/event3 13:67 fd 22 paused 0
[   136.139] (**) VirtualBox mouse integration: always reports core events
[   136.139] (**) Option "Device" "/dev/input/event3"
[   136.166] (II) event3  - VirtualBox mouse integration: is tagged by udev as: Mouse
[   136.166] (II) event3  - VirtualBox mouse integration: device is a pointer
[   136.166] (II) event3  - VirtualBox mouse integration: device removed
[   136.166] (**) Option "config_info" "udev:/sys/devices/pci0000:00/0000:00:04.0/input/input4/event3"
[   136.166] (II) XINPUT: Adding extended input device "VirtualBox mouse integration" (type: MOUSE, id 6)
[   136.166] (**) Option "AccelerationScheme" "none"
[   136.166] (**) VirtualBox mouse integration: (accel) selected scheme none/0
[   136.166] (**) VirtualBox mouse integration: (accel) acceleration factor: 2.000
[   136.166] (**) VirtualBox mouse integration: (accel) acceleration threshold: 4
[   136.167] (II) event3  - VirtualBox mouse integration: is tagged by udev as: Mouse
[   136.167] (II) event3  - VirtualBox mouse integration: device is a pointer
[   136.167] (II) config/udev: Adding input device VirtualBox mouse integration (/dev/input/js0)
[   136.167] (II) No input driver specified, ignoring this device.
[   136.167] (II) This device may have been added with another device file.
[   136.167] (II) config/udev: Adding input device VirtualBox mouse integration (/dev/input/mouse0)
[   136.167] (II) No input driver specified, ignoring this device.
[   136.167] (II) This device may have been added with another device file.
[   136.167] (II) config/udev: Adding input device Video Bus (/dev/input/event6)
[   136.167] (**) Video Bus: Applying InputClass "libinput keyboard catchall"
[   136.167] (**) Video Bus: Applying InputClass "system-keyboard"
[   136.167] (II) Using input driver 'libinput' for 'Video Bus'
[   136.169] (II) systemd-logind: got fd for /dev/input/event6 13:70 fd 25 paused 0
[   136.169] (**) Video Bus: always reports core events
[   136.169] (**) Option "Device" "/dev/input/event6"
[   136.169] (II) event6  - Video Bus: is tagged by udev as: Keyboard
[   136.169] (II) event6  - Video Bus: device is a keyboard
[   136.169] (II) event6  - Video Bus: device removed
[   136.169] (**) Option "config_info" "udev:/sys/devices/pci0000:00/acpi.video_bus.0/input/input7/event6"
[   136.169] (II) XINPUT: Adding extended input device "Video Bus" (type: KEYBOARD, id 7)
[   136.169] (**) Option "xkb_model" "pc105+inet"
[   136.169] (**) Option "xkb_layout" "us"
[   136.169] (**) Option "xkb_options" "terminate:ctrl_alt_bksp"
[   136.188] (II) event6  - Video Bus: is tagged by udev as: Keyboard
[   136.188] (II) event6  - Video Bus: device is a keyboard
[   136.188] (II) config/udev: Adding input device Power Button (/dev/input/event0)
[   136.188] (**) Power Button: Applying InputClass "libinput keyboard catchall"
[   136.188] (**) Power Button: Applying InputClass "system-keyboard"
[   136.188] (II) Using input driver 'libinput' for 'Power Button'
[   136.190] (II) systemd-logind: got fd for /dev/input/event0 13:64 fd 26 paused 0
[   136.190] (**) Power Button: always reports core events
[   136.190] (**) Option "Device" "/dev/input/event0"
[   136.190] (II) event0  - Power Button: is tagged by udev as: Keyboard
[   136.190] (II) event0  - Power Button: device is a keyboard
[   136.190] (II) event0  - Power Button: device removed
[   136.190] (**) Option "config_info" "udev:/sys/devices/platform/LNXPWRBN:00/input/input0/event0"
[   136.190] (II) XINPUT: Adding extended input device "Power Button" (type: KEYBOARD, id 8)
[   136.190] (**) Option "xkb_model" "pc105+inet"
[   136.190] (**) Option "xkb_layout" "us"
[   136.190] (**) Option "xkb_options" "terminate:ctrl_alt_bksp"
[   136.190] (II) event0  - Power Button: is tagged by udev as: Keyboard
[   136.190] (II) event0  - Power Button: device is a keyboard
[   136.190] (II) config/udev: Adding input device Sleep Button (/dev/input/event1)
[   136.190] (**) Sleep Button: Applying InputClass "libinput keyboard catchall"
[   136.190] (**) Sleep Button: Applying InputClass "system-keyboard"
[   136.190] (II) Using input driver 'libinput' for 'Sleep Button'
[   136.192] (II) systemd-logind: got fd for /dev/input/event1 13:65 fd 27 paused 0
[   136.192] (**) Sleep Button: always reports core events
[   136.192] (**) Option "Device" "/dev/input/event1"
[   136.192] (II) event1  - Sleep Button: is tagged by udev as: Keyboard
[   136.192] (II) event1  - Sleep Button: device is a keyboard
[   136.192] (II) event1  - Sleep Button: device removed
[   136.192] (**) Option "config_info" "udev:/sys/devices/platform/LNXSLPBN:00/input/input1/event1"
[   136.192] (II) XINPUT: Adding extended input device "Sleep Button" (type: KEYBOARD, id 9)
[   136.192] (**) Option "xkb_model" "pc105+inet"
[   136.192] (**) Option "xkb_layout" "us"
[   136.192] (**) Option "xkb_options" "terminate:ctrl_alt_bksp"
[   136.193] (II) event1  - Sleep Button: is tagged by udev as: Keyboard
[   136.193] (II) event1  - Sleep Button: device is a keyboard
[   136.193] (II) config/udev: Adding input device AT Translated Set 2 keyboard (/dev/input/event2)
[   136.193] (**) AT Translated Set 2 keyboard: Applying InputClass "libinput keyboard catchall"
[   136.193] (**) AT Translated Set 2 keyboard: Applying InputClass "system-keyboard"
[   136.193] (II) Using input driver 'libinput' for 'AT Translated Set 2 keyboard'
[   136.194] (II) systemd-logind: got fd for /dev/input/event2 13:66 fd 28 paused 0
[   136.194] (**) AT Translated Set 2 keyboard: always reports core events
[   136.194] (**) Option "Device" "/dev/input/event2"
[   136.195] (II) event2  - AT Translated Set 2 keyboard: is tagged by udev as: Keyboard
[   136.195] (II) event2  - AT Translated Set 2 keyboard: device is a keyboard
[   136.195] (II) event2  - AT Translated Set 2 keyboard: device removed
[   136.195] (**) Option "config_info" "udev:/sys/devices/platform/i8042/serio0/input/input2/event2"
[   136.195] (II) XINPUT: Adding extended input device "AT Translated Set 2 keyboard" (type: KEYBOARD, id 10)
[   136.195] (**) Option "xkb_model" "pc105+inet"
[   136.195] (**) Option "xkb_layout" "us"
[   136.195] (**) Option "xkb_options" "terminate:ctrl_alt_bksp"
[   136.196] (II) event2  - AT Translated Set 2 keyboard: is tagged by udev as: Keyboard
[   136.196] (II) event2  - AT Translated Set 2 keyboard: device is a keyboard
[   136.196] (II) config/udev: Adding input device ImExPS/2 Generic Explorer Mouse (/dev/input/event5)
[   136.196] (**) ImExPS/2 Generic Explorer Mouse: Applying InputClass "libinput pointer catchall"
[   136.196] (II) Using input driver 'libinput' for 'ImExPS/2 Generic Explorer Mouse'
[   136.196] (II) systemd-logind: got fd for /dev/input/event5 13:69 fd 29 paused 0
[   136.196] (**) ImExPS/2 Generic Explorer Mouse: always reports core events
[   136.196] (**) Option "Device" "/dev/input/event5"
[   136.198] (II) event5  - ImExPS/2 Generic Explorer Mouse: is tagged by udev as: Mouse
[   136.198] (II) event5  - ImExPS/2 Generic Explorer Mouse: emulating high-resolution scroll wheel events.
[   136.198] (II) event5  - ImExPS/2 Generic Explorer Mouse: device is a pointer
[   136.198] (II) event5  - ImExPS/2 Generic Explorer Mouse: device removed
[   136.198] (II) libinput: ImExPS/2 Generic Explorer Mouse: Step value 0 was provided, libinput Fallback acceleration function is used.
[   136.198] (II) libinput: ImExPS/2 Generic Explorer Mouse: Step value 0 was provided, libinput Fallback acceleration function is used.
[   136.198] (II) libinput: ImExPS/2 Generic Explorer Mouse: Step value 0 was provided, libinput Fallback acceleration function is used.
[   136.198] (**) Option "config_info" "udev:/sys/devices/platform/i8042/serio1/input/input6/event5"
[   136.198] (II) XINPUT: Adding extended input device "ImExPS/2 Generic Explorer Mouse" (type: MOUSE, id 11)
[   136.198] (**) Option "AccelerationScheme" "none"
[   136.198] (**) ImExPS/2 Generic Explorer Mouse: (accel) selected scheme none/0
[   136.198] (**) ImExPS/2 Generic Explorer Mouse: (accel) acceleration factor: 2.000
[   136.198] (**) ImExPS/2 Generic Explorer Mouse: (accel) acceleration threshold: 4
[   136.199] (II) event5  - ImExPS/2 Generic Explorer Mouse: is tagged by udev as: Mouse
[   136.199] (II) event5  - ImExPS/2 Generic Explorer Mouse: emulating high-resolution scroll wheel events.
[   136.199] (II) event5  - ImExPS/2 Generic Explorer Mouse: device is a pointer
[   136.199] (II) config/udev: Adding input device ImExPS/2 Generic Explorer Mouse (/dev/input/mouse1)
[   136.199] (II) No input driver specified, ignoring this device.
[   136.199] (II) This device may have been added with another device file.
[   136.199] (II) config/udev: Adding input device PC Speaker (/dev/input/event4)
[   136.199] (II) No input driver specified, ignoring this device.
[   136.199] (II) This device may have been added with another device file.
[   243.788] (EE) event3  - VirtualBox mouse integration: client bug: event processing lagging behind by 26ms, your system is too slow
[   396.147] (II) event3  - VirtualBox mouse integration: SYN_DROPPED event - some input events have been lost.
[  8087.384] (EE) event3  - VirtualBox mouse integration: client bug: event processing lagging behind by 26ms, your system is too slow
[  8562.549] (EE) event3  - VirtualBox mouse integration: client bug: event processing lagging behind by 21ms, your system is too slow
[  8725.515] (EE) event2  - AT Translated Set 2 keyboard: client bug: event processing lagging behind by 33ms, your system is too slow
[  8863.595] (II) event3  - VirtualBox mouse integration: SYN_DROPPED event - some input events have been lost.
[  8870.764] (II) event3  - VirtualBox mouse integration: SYN_DROPPED event - some input events have been lost.
[  9602.526] (II) event3  - VirtualBox mouse integration: SYN_DROPPED event - some input events have been lost.
[  9976.296] (EE) event5  - ImExPS/2 Generic Explorer Mouse: client bug: event processing lagging behind by 45ms, your system is too slow
[  9976.322] (EE) client bug: timer button-debounce-debounce-event5: scheduled expiry is in the past (-22ms), your system is too slow
